2026-06-14T13:40:36.099+05:30  INFO 3768 --- [wallet] [SpringApplicationShutdownHook] o.s.b.w.e.tomcat.GracefulShutdown        : Commencing graceful shutdown. Waiting for active requests to complete
2026-06-14T13:40:36.221+05:30  INFO 3768 --- [wallet] [tomcat-shutdown] o.s.b.w.e.tomcat.GracefulShutdown        : Graceful shutdown complete
2026-06-14T13:40:36.228+05:30  INFO 3768 --- [wallet] [SpringApplicationShutdownHook] j.LocalContainerEntityManagerFactoryBean : Closing JPA EntityManagerFactory for persistence unit 'default'
2026-06-14T13:40:36.231+05:30  INFO 3768 --- [wallet] [SpringApplicationShutdownHook] com.zaxxer.hikari.HikariDataSource       : HikariPool-1 - Shutdown initiated...
2026-06-14T13:40:36.241+05:30  INFO 3768 --- [wallet] [SpringApplicationShutdownHook] com.zaxxer.hikari.HikariDataSource       : HikariPool-1 - Shutdown completed.
2026-06-14T13:40:46.470+05:30  INFO 10688 --- [wallet] [main] com.jyotinath.wallet.WalletApplication   : Starting WalletApplication using Java 18.0.1.1 with PID 10688 (C:\Users\DELL\Documents\Jyotinath\wallet\target\classes started by DELL in C:\Users\DELL\Documents\Jyotinath\wallet)
2026-06-14T13:40:46.476+05:30  INFO 10688 --- [wallet] [main] com.jyotinath.wallet.WalletApplication   : No active profile set, falling back to 1 default profile: "default"
2026-06-14T13:40:48.277+05:30  INFO 10688 --- [wallet] [main] .s.d.r.c.RepositoryConfigurationDelegate : Bootstrapping Spring Data JPA repositories in DEFAULT mode.
2026-06-14T13:40:48.434+05:30  INFO 10688 --- [wallet] [main] .s.d.r.c.RepositoryConfigurationDelegate : Finished Spring Data repository scanning in 133 ms. Found 3 JPA repository interfaces.
2026-06-14T13:40:50.192+05:30  INFO 10688 --- [wallet] [main] o.s.b.w.embedded.tomcat.TomcatWebServer  : Tomcat initialized with port 8080 (http)
2026-06-14T13:40:50.221+05:30  INFO 10688 --- [wallet] [main] o.apache.catalina.core.StandardService   : Starting service [Tomcat]
2026-06-14T13:40:50.222+05:30  INFO 10688 --- [wallet] [main] o.apache.catalina.core.StandardEngine    : Starting Servlet engine: [Apache Tomcat/10.1.43]
2026-06-14T13:40:50.328+05:30  INFO 10688 --- [wallet] [main] o.a.c.c.C.[Tomcat].[localhost].[/]       : Initializing Spring embedded WebApplicationContext
2026-06-14T13:40:50.329+05:30  INFO 10688 --- [wallet] [main] w.s.c.ServletWebServerApplicationContext : Root WebApplicationContext: initialization completed in 3729 ms
2026-06-14T13:40:50.807+05:30  INFO 10688 --- [wallet] [main] o.hibernate.jpa.internal.util.LogHelper  : HHH000204: Processing PersistenceUnitInfo [name: default]
2026-06-14T13:40:50.931+05:30  INFO 10688 --- [wallet] [main] org.hibernate.Version                    : HHH000412: Hibernate ORM core version 6.6.22.Final
2026-06-14T13:40:51.002+05:30  INFO 10688 --- [wallet] [main] o.h.c.internal.RegionFactoryInitiator    : HHH000026: Second-level cache disabled
2026-06-14T13:40:51.566+05:30  INFO 10688 --- [wallet] [main] o.s.o.j.p.SpringPersistenceUnitInfo      : No LoadTimeWeaver setup: ignoring JPA class transformer
2026-06-14T13:40:51.624+05:30  INFO 10688 --- [wallet] [main] com.zaxxer.hikari.HikariDataSource       : HikariPool-1 - Starting...
2026-06-14T13:40:52.244+05:30  INFO 10688 --- [wallet] [main] com.zaxxer.hikari.pool.HikariPool        : HikariPool-1 - Added connection com.mysql.cj.jdbc.ConnectionImpl@588d630d
2026-06-14T13:40:52.246+05:30  INFO 10688 --- [wallet] [main] com.zaxxer.hikari.HikariDataSource       : HikariPool-1 - Start completed.
2026-06-14T13:40:52.452+05:30  INFO 10688 --- [wallet] [main] org.hibernate.orm.connections.pooling    : HHH10001005: Database info:
	Database JDBC URL [Connecting through datasource 'HikariDataSource (HikariPool-1)']
	Database driver: undefined/unknown
	Database version: 8.0.46
	Autocommit mode: undefined/unknown
	Isolation level: undefined/unknown
	Minimum pool size: undefined/unknown
	Maximum pool size: undefined/unknown
2026-06-14T13:40:54.250+05:30  INFO 10688 --- [wallet] [main] o.h.e.t.j.p.i.JtaPlatformInitiator       : HHH000489: No JTA platform available (set 'hibernate.transaction.jta.platform' to enable JTA platform integration)
2026-06-14T13:40:54.382+05:30  INFO 10688 --- [wallet] [main] j.LocalContainerEntityManagerFactoryBean : Initialized JPA EntityManagerFactory for persistence unit 'default'
2026-06-14T13:40:55.301+05:30  WARN 10688 --- [wallet] [main] JpaBaseConfiguration$JpaWebConfiguration : spring.jpa.open-in-view is enabled by default. Therefore, database queries may be performed during view rendering. Explicitly configure spring.jpa.open-in-view to disable this warning
2026-06-14T13:40:55.393+05:30  WARN 10688 --- [wallet] [main] .s.s.UserDetailsServiceAutoConfiguration : 

Using generated security password: 872609d7-0ece-41e8-9220-7375f02a4b56

This generated password is for development use only. Your security configuration must be updated before running your application in production.

2026-06-14T13:40:55.413+05:30  INFO 10688 --- [wallet] [main] r$InitializeUserDetailsManagerConfigurer : Global AuthenticationManager configured with UserDetailsService bean with name inMemoryUserDetailsManager
2026-06-14T13:40:56.669+05:30  INFO 10688 --- [wallet] [main] o.s.b.w.embedded.tomcat.TomcatWebServer  : Tomcat started on port 8080 (http) with context path '/'
2026-06-14T13:40:56.686+05:30  INFO 10688 --- [wallet] [main] com.jyotinath.wallet.WalletApplication   : Started WalletApplication in 11.373 seconds (process running for 12.202)
2026-06-14T13:41:18.420+05:30  INFO 10688 --- [wallet] [http-nio-8080-exec-2] o.a.c.c.C.[Tomcat].[localhost].[/]       : Initializing Spring DispatcherServlet 'dispatcherServlet'
2026-06-14T13:41:18.421+05:30  INFO 10688 --- [wallet] [http-nio-8080-exec-2] o.s.web.servlet.DispatcherServlet        : Initializing Servlet 'dispatcherServlet'
2026-06-14T13:41:18.425+05:30  INFO 10688 --- [wallet] [http-nio-8080-exec-2] o.s.web.servlet.DispatcherServlet        : Completed initialization in 4 ms
2026-06-14T13:41:18.781+05:30  INFO 10688 --- [wallet] [http-nio-8080-exec-2] c.jyotinath.wallet.aspect.LoggingAspect  : Method Started : getUserByUsername with arguments [jyotinath18]
2026-06-14T13:41:19.087+05:30  INFO 10688 --- [wallet] [http-nio-8080-exec-2] c.jyotinath.wallet.aspect.LoggingAspect  : Method Completed : getUserByUsername
2026-06-14T13:41:19.087+05:30  INFO 10688 --- [wallet] [http-nio-8080-exec-2] c.jyotinath.wallet.aspect.LoggingAspect  : Return Value : User(id=2, username=jyotinath18, password=$2a$10$sDDFTa/2xN3.ce3OpZ95peYNaK61.C9ZvBUOiYeKL8xkLIWfpobc2, email=jyotinath18@gmail.com)
2026-06-14T13:41:19.088+05:30  INFO 10688 --- [wallet] [http-nio-8080-exec-2] c.jyotinath.wallet.aspect.LoggingAspect  : getUserByUsername executed in 308 ms
2026-06-14T13:41:19.098+05:30  INFO 10688 --- [wallet] [http-nio-8080-exec-2] c.jyotinath.wallet.aspect.LoggingAspect  : Method Started : transfer with arguments [2, TransferRequest(receiverId=3, amount=2000)]
2026-06-14T13:41:19.147+05:30 ERROR 10688 --- [wallet] [http-nio-8080-exec-2] c.jyotinath.wallet.aspect.LoggingAspect  : Exception in Method : transfer
2026-06-14T13:41:19.148+05:30 ERROR 10688 --- [wallet] [http-nio-8080-exec-2] c.jyotinath.wallet.aspect.LoggingAspect  : Exception Message : Insuffiecient Balance!
2026-06-14T13:44:58.989+05:30  INFO 10688 --- [wallet] [http-nio-8080-exec-6] c.jyotinath.wallet.aspect.LoggingAspect  : Method Started : getUserByUsername with arguments [jyotinath18]
2026-06-14T13:44:58.999+05:30  INFO 10688 --- [wallet] [http-nio-8080-exec-6] c.jyotinath.wallet.aspect.LoggingAspect  : Method Completed : getUserByUsername
2026-06-14T13:44:59.000+05:30  INFO 10688 --- [wallet] [http-nio-8080-exec-6] c.jyotinath.wallet.aspect.LoggingAspect  : Return Value : User(id=2, username=jyotinath18, password=$2a$10$sDDFTa/2xN3.ce3OpZ95peYNaK61.C9ZvBUOiYeKL8xkLIWfpobc2, email=jyotinath18@gmail.com)
2026-06-14T13:44:59.000+05:30  INFO 10688 --- [wallet] [http-nio-8080-exec-6] c.jyotinath.wallet.aspect.LoggingAspect  : getUserByUsername executed in 11 ms
2026-06-14T13:44:59.002+05:30  INFO 10688 --- [wallet] [http-nio-8080-exec-6] c.jyotinath.wallet.aspect.LoggingAspect  : Method Started : transfer with arguments [2, TransferRequest(receiverId=3, amount=2000)]
2026-06-14T13:44:59.016+05:30 ERROR 10688 --- [wallet] [http-nio-8080-exec-6] c.jyotinath.wallet.aspect.LoggingAspect  : Exception in Method : transfer
2026-06-14T13:44:59.017+05:30 ERROR 10688 --- [wallet] [http-nio-8080-exec-6] c.jyotinath.wallet.aspect.LoggingAspect  : Exception Message : Insuffiecient Balance!
2026-06-14T13:45:48.380+05:30  INFO 10688 --- [wallet] [SpringApplicationShutdownHook] o.s.b.w.e.tomcat.GracefulShutdown        : Commencing graceful shutdown. Waiting for active requests to complete
2026-06-14T13:45:48.514+05:30  INFO 10688 --- [wallet] [tomcat-shutdown] o.s.b.w.e.tomcat.GracefulShutdown        : Graceful shutdown complete
2026-06-14T13:45:48.520+05:30  INFO 10688 --- [wallet] [SpringApplicationShutdownHook] j.LocalContainerEntityManagerFactoryBean : Closing JPA EntityManagerFactory for persistence unit 'default'
2026-06-14T13:45:48.523+05:30  INFO 10688 --- [wallet] [SpringApplicationShutdownHook] com.zaxxer.hikari.HikariDataSource       : HikariPool-1 - Shutdown initiated...
2026-06-14T13:45:48.535+05:30  INFO 10688 --- [wallet] [SpringApplicationShutdownHook] com.zaxxer.hikari.HikariDataSource       : HikariPool-1 - Shutdown completed.
2026-06-14T13:45:56.174+05:30  INFO 10668 --- [wallet] [main] .s.d.r.c.RepositoryConfigurationDelegate : Bootstrapping Spring Data JPA repositories in DEFAULT mode.
2026-06-14T13:45:56.335+05:30  INFO 10668 --- [wallet] [main] .s.d.r.c.RepositoryConfigurationDelegate : Finished Spring Data repository scanning in 136 ms. Found 3 JPA repository interfaces.
2026-06-14T13:45:58.123+05:30  INFO 10668 --- [wallet] [main] o.s.b.w.embedded.tomcat.TomcatWebServer  : Tomcat initialized with port 8080 (http)
2026-06-14T13:45:58.151+05:30  INFO 10668 --- [wallet] [main] o.apache.catalina.core.StandardService   : Starting service [Tomcat]
2026-06-14T13:45:58.152+05:30  INFO 10668 --- [wallet] [main] o.apache.catalina.core.StandardEngine    : Starting Servlet engine: [Apache Tomcat/10.1.43]
2026-06-14T13:45:58.272+05:30  INFO 10668 --- [wallet] [main] o.a.c.c.C.[Tomcat].[localhost].[/]       : Initializing Spring embedded WebApplicationContext
2026-06-14T13:45:58.273+05:30  INFO 10668 --- [wallet] [main] w.s.c.ServletWebServerApplicationContext : Root WebApplicationContext: initialization completed in 3804 ms
2026-06-14T13:45:58.734+05:30  INFO 10668 --- [wallet] [main] o.hibernate.jpa.internal.util.LogHelper  : HHH000204: Processing PersistenceUnitInfo [name: default]
2026-06-14T13:45:58.870+05:30  INFO 10668 --- [wallet] [main] org.hibernate.Version                    : HHH000412: Hibernate ORM core version 6.6.22.Final
2026-06-14T13:45:58.935+05:30  INFO 10668 --- [wallet] [main] o.h.c.internal.RegionFactoryInitiator    : HHH000026: Second-level cache disabled
2026-06-14T13:45:59.516+05:30  INFO 10668 --- [wallet] [main] o.s.o.j.p.SpringPersistenceUnitInfo      : No LoadTimeWeaver setup: ignoring JPA class transformer
2026-06-14T13:45:59.573+05:30  INFO 10668 --- [wallet] [main] com.zaxxer.hikari.HikariDataSource       : HikariPool-1 - Starting...
2026-06-14T13:46:00.194+05:30  INFO 10668 --- [wallet] [main] com.zaxxer.hikari.pool.HikariPool        : HikariPool-1 - Added connection com.mysql.cj.jdbc.ConnectionImpl@7a730479
2026-06-14T13:46:00.197+05:30  INFO 10668 --- [wallet] [main] com.zaxxer.hikari.HikariDataSource       : HikariPool-1 - Start completed.
2026-06-14T13:46:00.402+05:30  INFO 10668 --- [wallet] [main] org.hibernate.orm.connections.pooling    : HHH10001005: Database info:
	Database JDBC URL [Connecting through datasource 'HikariDataSource (HikariPool-1)']
	Database driver: undefined/unknown
	Database version: 8.0.46
	Autocommit mode: undefined/unknown
	Isolation level: undefined/unknown
	Minimum pool size: undefined/unknown
	Maximum pool size: undefined/unknown
2026-06-14T13:46:02.151+05:30  INFO 10668 --- [wallet] [main] o.h.e.t.j.p.i.JtaPlatformInitiator       : HHH000489: No JTA platform available (set 'hibernate.transaction.jta.platform' to enable JTA platform integration)
2026-06-14T13:46:02.281+05:30  INFO 10668 --- [wallet] [main] j.LocalContainerEntityManagerFactoryBean : Initialized JPA EntityManagerFactory for persistence unit 'default'
2026-06-14T13:46:03.248+05:30  WARN 10668 --- [wallet] [main] JpaBaseConfiguration$JpaWebConfiguration : spring.jpa.open-in-view is enabled by default. Therefore, database queries may be performed during view rendering. Explicitly configure spring.jpa.open-in-view to disable this warning
2026-06-14T13:46:03.341+05:30  WARN 10668 --- [wallet] [main] .s.s.UserDetailsServiceAutoConfiguration : 

Using generated security password: d1d92e95-cfa8-4c74-966b-d5281ce2bbb5

This generated password is for development use only. Your security configuration must be updated before running your application in production.

2026-06-14T13:46:03.357+05:30  INFO 10668 --- [wallet] [main] r$InitializeUserDetailsManagerConfigurer : Global AuthenticationManager configured with UserDetailsService bean with name inMemoryUserDetailsManager
2026-06-14T13:46:04.602+05:30  INFO 10668 --- [wallet] [main] o.s.b.w.embedded.tomcat.TomcatWebServer  : Tomcat started on port 8080 (http) with context path '/'
2026-06-14T13:46:19.082+05:30  INFO 10668 --- [wallet] [http-nio-8080-exec-2] o.a.c.c.C.[Tomcat].[localhost].[/]       : Initializing Spring DispatcherServlet 'dispatcherServlet'
2026-06-14T13:46:19.083+05:30  INFO 10668 --- [wallet] [http-nio-8080-exec-2] o.s.web.servlet.DispatcherServlet        : Initializing Servlet 'dispatcherServlet'
2026-06-14T13:46:19.086+05:30  INFO 10668 --- [wallet] [http-nio-8080-exec-2] o.s.web.servlet.DispatcherServlet        : Completed initialization in 2 ms
2026-06-14T13:46:20.138+05:30 ERROR 10668 --- [wallet] [http-nio-8080-exec-2] c.jyotinath.wallet.aspect.LoggingAspect  : Exception in Method : transfer
2026-06-14T13:46:20.138+05:30 ERROR 10668 --- [wallet] [http-nio-8080-exec-2] c.jyotinath.wallet.aspect.LoggingAspect  : Exception Message : Insuffiecient Balance!
2026-06-14T13:46:40.920+05:30 ERROR 10668 --- [wallet] [http-nio-8080-exec-4] c.jyotinath.wallet.aspect.LoggingAspect  : Exception in Method : transfer
2026-06-14T13:46:40.921+05:30 ERROR 10668 --- [wallet] [http-nio-8080-exec-4] c.jyotinath.wallet.aspect.LoggingAspect  : Exception Message : Insuffiecient Balance!
2026-06-14T13:47:42.410+05:30  INFO 10668 --- [wallet] [SpringApplicationShutdownHook] o.s.b.w.e.tomcat.GracefulShutdown        : Commencing graceful shutdown. Waiting for active requests to complete
2026-06-14T13:47:42.549+05:30  INFO 10668 --- [wallet] [tomcat-shutdown] o.s.b.w.e.tomcat.GracefulShutdown        : Graceful shutdown complete
2026-06-14T13:47:42.555+05:30  INFO 10668 --- [wallet] [SpringApplicationShutdownHook] j.LocalContainerEntityManagerFactoryBean : Closing JPA EntityManagerFactory for persistence unit 'default'
2026-06-14T13:47:42.560+05:30  INFO 10668 --- [wallet] [SpringApplicationShutdownHook] com.zaxxer.hikari.HikariDataSource       : HikariPool-1 - Shutdown initiated...
2026-06-14T13:47:42.575+05:30  INFO 10668 --- [wallet] [SpringApplicationShutdownHook] com.zaxxer.hikari.HikariDataSource       : HikariPool-1 - Shutdown completed.
